
Semantic Error [line 7]: 
	Invalid array declaration: 
	Expected 'Constant Integer' index type; found type: 'Variable'
