
Semantic Error [line 8]: 
	Index out of bounds: negative index '-1' unsupported.
