
Semantic Error [line 5]: value: "test"
	Array 'test' used without index. An index must be specified
