
Semantic Error [line 9]: value: "test"
	Duplicate case detected. All cases must be unique.
