
Semantically Corrected AST
[Head] (Block, Block Statement) 
Symbol Table:============================================================================:
Identifiers    |Stack Offset  |Type                 |Value                           
-----------------------------------------------------------------------------------------
a              |0             |Int, Var             |                                
=======================================================================Depth 0   :Size 4   
    [Child] (Variable Section) 
        [Child] (Variable Declaration, Variable List) 
            [Child] 1, TOK_ID, a, (Literal) 
            [Child] 1, TOK_KEY_INTEGER, integer, (Type, Integer) 
    [Child] (Statement List) 
        [Child] (Assign Statement) 
            [Child] 4, TOK_ID, a, (Variable) 
            [Child] 4, TOK_STAR, *, (Multiply Operator, Term) 
                [Child] 4, TOK_STAR, *, (Multiply Operator, Term) 
                    [Child] 4, TOK_NUM, 1, (Constant, Integer) 
                    [Child] 4, TOK_NUM, 2, (Constant, Integer) 
                [Child] 4, TOK_NUM, 3, (Constant, Integer) 
