
Semantic Error [line 4]: value: "true"
	Invalid conditional type: Expected type(s) 'Boolean'; found 'Integer' instead.
