7, TOK_KEY_END, end
7, TOK_PERIOD, .
7, TOK_ENDFILE,
