1, TOK_KEY_BEGIN, BeGiN
2, TOK_KEY_WRITE, WrItE
2, TOK_LPAREN, (
2, TOK_NUM, 1
2, TOK_COMMA, ,
2, TOK_NUM, 2
2, TOK_ERROR, &
2, TOK_NUM, 3
2, TOK_RPAREN, )
3, TOK_KEY_END, EnD
3, TOK_PERIOD, .
3, TOK_ENDFILE,
