[Head] (Block)
    [Child] (Statement List)
        [Child] (Null Statement)
