Syntax Error: line 9:
Unexpected token (TOK_PERIOD, '.'), likely missing a(n)  
  'TOK_SEMICOLON' or
  'TOK_KEY_END'
