Syntax Error: line 3:
Unexpected token (TOK_EQ, '='), expected a token type of:  
  'TOK_ASSIGN'
