Syntax Error: line 9:
Unexpected token (TOK_ENDFILE, ''), expected a token type of:  
  'TOK_PERIOD'
